65
true
false
5.67
5
10
hello
HELLO
Hello
HELLO
   HELLO   
HELLO
HELLO
