true
System.exceptions.TypeMismatch
boolean expected.
