initializing X
initializing Y
inside main program
