System.exceptions.DivideByZero
Division by zero attempted
