AB
65
true
false
C
5.67
5
10
hello
HELLO
Hello
HELLO
   HELLO   
HELLO
HELLO
